// Jest Snapshot v1, https://goo.gl/fbAQLP

exports[`Page ResultMaster matches snapshot 1`] = `
<div
  class="page result-eurojackpot"
>
  <section
    class="result-stage"
  >
    <div
      class="result-nav"
    >
      <button
        class="result-nav-prev"
        disabled="disabled"
      >
        
          ⟵
        
      </button>
       
      <div
        class="atom date f-date result-nav-date"
      >
        <span
          class="date-day"
        >
          13.
        </span>
         
        <span
          class="date-month"
        >
          
    Dezember
  
        </span>
         
        <span
          class="date-year"
        >
          2019
        </span>
      </div>
       
      <button
        class="result-nav-next"
      >
        
          ⟶
        
      </button>
    </div>
     
    <div
      class="o hero-numbers"
    >
      <div
        class="hero-numbers-grid"
      >
        <div
          class="hero-numbers-cell"
        >
          <figure
            class="ball as-default"
          >
            <span
              class="ball-number f-number"
            >
              25
            </span>
             
            <span
              class="ball-shadow"
            />
          </figure>
        </div>
        <div
          class="hero-numbers-cell"
        >
          <figure
            class="ball as-default"
          >
            <span
              class="ball-number f-number"
            >
              31
            </span>
             
            <span
              class="ball-shadow"
            />
          </figure>
        </div>
        <div
          class="hero-numbers-cell"
        >
          <figure
            class="ball as-default"
          >
            <span
              class="ball-number f-number"
            >
              38
            </span>
             
            <span
              class="ball-shadow"
            />
          </figure>
        </div>
        <div
          class="hero-numbers-cell"
        >
          <figure
            class="ball as-default"
          >
            <span
              class="ball-number f-number"
            >
              49
            </span>
             
            <span
              class="ball-shadow"
            />
          </figure>
        </div>
        <div
          class="hero-numbers-cell"
        >
          <figure
            class="ball as-default"
          >
            <span
              class="ball-number f-number"
            >
              50
            </span>
             
            <span
              class="ball-shadow"
            />
          </figure>
        </div>
        <div
          class="hero-numbers-cell"
        >
          <figure
            class="ball as-additional"
          >
            <span
              class="ball-number f-number"
            >
              5
            </span>
             
            <span
              class="ball-shadow"
            />
          </figure>
        </div>
        <div
          class="hero-numbers-cell"
        >
          <figure
            class="ball as-additional"
          >
            <span
              class="ball-number f-number"
            >
              10
            </span>
             
            <span
              class="ball-shadow"
            />
          </figure>
        </div>
      </div>
    </div>
  </section>
</div>
`;
